[www.amazon.com/CABBAGE-FRESH-PRODUCE-VEGETABLES-FLORIDA/dp/B00AU1MFEI/ref=sr_1_114440.html]
[backblue.gif]
[fade.gif]
[index.html]
[www.amazon.com/CABBAGE-FRESH-PRODUCE-VEGETABLES-FLORIDA/dp/B00AU1MFEI/sp.load.html]
[www.amazon.com/CABBAGE-FRESH-PRODUCE-VEGETABLES-FLORIDA/dp/B00AU1MFEI/@c/index.html]
[www.amazon.com/CABBAGE-FRESH-PRODUCE-VEGETABLES-FLORIDA/dp/B00AU1MFEI/sp.load.critical.html]
[www.amazon.com/CABBAGE-FRESH-PRODUCE-VEGETABLES-FLORIDA/dp/B00AU1MFEI/@p/index.html]
[www.amazon.com/CABBAGE-FRESH-PRODUCE-VEGETABLES-FLORIDA/dp/B00AU1MFEI/POST.html]
[www.amazon.com/CABBAGE-FRESH-PRODUCE-VEGETABLES-FLORIDA/dp/B00AU1MFEI/ref=sr_1_114440.html]
[www.amazon.com/CABBAGE-FRESH-PRODUCE-VEGETABLES-FLORIDA/dp/B00AU1MFEI/GET.html]
[www.amazon.com/CABBAGE-FRESH-PRODUCE-VEGETABLES-FLORIDA/dp/B00AU1MFEI/t.html]
[www.amazon.com/CABBAGE-FRESH-PRODUCE-VEGETABLES-FLORIDA/dp/B00AU1MFEI/@c/@p/index.html]
[www.amazon.com/CABBAGE-FRESH-PRODUCE-VEGETABLES-FLORIDA/dp/B00AU1MFEI/@c/sp.load.html]
[www.amazon.com/CABBAGE-FRESH-PRODUCE-VEGETABLES-FLORIDA/dp/B00AU1MFEI/@c/@c/index.html]
[www.amazon.com/CABBAGE-FRESH-PRODUCE-VEGETABLES-FLORIDA/dp/B00AU1MFEI/@c/sp.load.critical.html]
[www.amazon.com/CABBAGE-FRESH-PRODUCE-VEGETABLES-FLORIDA/dp/B00AU1MFEI/@c/POST.html]
[www.amazon.com/CABBAGE-FRESH-PRODUCE-VEGETABLES-FLORIDA/dp/B00AU1MFEI/@c/GET.html]
[www.amazon.com/CABBAGE-FRESH-PRODUCE-VEGETABLES-FLORIDA/dp/B00AU1MFEI/@c/index.html]
[www.amazon.com/CABBAGE-FRESH-PRODUCE-VEGETABLES-FLORIDA/dp/B00AU1MFEI/@c/t.html]
[www.amazon.com/CABBAGE-FRESH-PRODUCE-VEGETABLES-FLORIDA/dp/B00AU1MFEI/@p/sp.load.html]
[www.amazon.com/CABBAGE-FRESH-PRODUCE-VEGETABLES-FLORIDA/dp/B00AU1MFEI/@p/@p/index.html]
[www.amazon.com/CABBAGE-FRESH-PRODUCE-VEGETABLES-FLORIDA/dp/B00AU1MFEI/@p/@c/index.html]
[www.amazon.com/CABBAGE-FRESH-PRODUCE-VEGETABLES-FLORIDA/dp/B00AU1MFEI/@p/sp.load.critical.html]
[www.amazon.com/CABBAGE-FRESH-PRODUCE-VEGETABLES-FLORIDA/dp/B00AU1MFEI/@p/POST.html]
[www.amazon.com/CABBAGE-FRESH-PRODUCE-VEGETABLES-FLORIDA/dp/B00AU1MFEI/@p/GET.html]
[www.amazon.com/CABBAGE-FRESH-PRODUCE-VEGETABLES-FLORIDA/dp/B00AU1MFEI/@p/index.html]
[www.amazon.com/CABBAGE-FRESH-PRODUCE-VEGETABLES-FLORIDA/dp/B00AU1MFEI/sp.load.html]
[www.amazon.com/CABBAGE-FRESH-PRODUCE-VEGETABLES-FLORIDA/dp/B00AU1MFEI/sp.load.critical.html]
[www.amazon.com/CABBAGE-FRESH-PRODUCE-VEGETABLES-FLORIDA/dp/B00AU1MFEI/POST.html]
[www.amazon.com/CABBAGE-FRESH-PRODUCE-VEGETABLES-FLORIDA/dp/B00AU1MFEI/GET.html]
[www.amazon.com/CABBAGE-FRESH-PRODUCE-VEGETABLES-FLORIDA/dp/B00AU1MFEI/t.html]
[www.amazon.com/CABBAGE-FRESH-PRODUCE-VEGETABLES-FLORIDA/dp/B00AU1MFEI/@p/t.html]
[www.amazon.com/CABBAGE-FRESH-PRODUCE-VEGETABLES-FLORIDA/dp/B00AU1MFEI/@c/@c/@c/index.html]
[www.amazon.com/CABBAGE-FRESH-PRODUCE-VEGETABLES-FLORIDA/dp/B00AU1MFEI/@c/@c/@p/index.html]
[www.amazon.com/CABBAGE-FRESH-PRODUCE-VEGETABLES-FLORIDA/dp/B00AU1MFEI/@c/@c/sp.load.html]
[www.amazon.com/CABBAGE-FRESH-PRODUCE-VEGETABLES-FLORIDA/dp/B00AU1MFEI/@c/@c/sp.load.critical.html]
[www.amazon.com/CABBAGE-FRESH-PRODUCE-VEGETABLES-FLORIDA/dp/B00AU1MFEI/@c/@c/POST.html]
[www.amazon.com/CABBAGE-FRESH-PRODUCE-VEGETABLES-FLORIDA/dp/B00AU1MFEI/@c/@c/index.html]
[www.amazon.com/CABBAGE-FRESH-PRODUCE-VEGETABLES-FLORIDA/dp/B00AU1MFEI/@c/@c/GET.html]
[www.amazon.com/CABBAGE-FRESH-PRODUCE-VEGETABLES-FLORIDA/dp/B00AU1MFEI/@c/@c/t.html]
[www.amazon.com/CABBAGE-FRESH-PRODUCE-VEGETABLES-FLORIDA/dp/B00AU1MFEI/@c/@p/sp.load.html]
[www.amazon.com/CABBAGE-FRESH-PRODUCE-VEGETABLES-FLORIDA/dp/B00AU1MFEI/@c/@p/@c/index.html]
[www.amazon.com/CABBAGE-FRESH-PRODUCE-VEGETABLES-FLORIDA/dp/B00AU1MFEI/@c/@p/@p/index.html]
[www.amazon.com/CABBAGE-FRESH-PRODUCE-VEGETABLES-FLORIDA/dp/B00AU1MFEI/@c/@p/sp.load.critical.html]
[www.amazon.com/CABBAGE-FRESH-PRODUCE-VEGETABLES-FLORIDA/dp/B00AU1MFEI/@c/@p/POST.html]
[www.amazon.com/CABBAGE-FRESH-PRODUCE-VEGETABLES-FLORIDA/dp/B00AU1MFEI/@c/@p/GET.html]
[www.amazon.com/CABBAGE-FRESH-PRODUCE-VEGETABLES-FLORIDA/dp/B00AU1MFEI/@c/@p/index.html]
[www.amazon.com/CABBAGE-FRESH-PRODUCE-VEGETABLES-FLORIDA/dp/B00AU1MFEI/@c/sp.load.html]
[www.amazon.com/CABBAGE-FRESH-PRODUCE-VEGETABLES-FLORIDA/dp/B00AU1MFEI/@c/sp.load.critical.html]
[www.amazon.com/CABBAGE-FRESH-PRODUCE-VEGETABLES-FLORIDA/dp/B00AU1MFEI/@c/POST.html]
[www.amazon.com/CABBAGE-FRESH-PRODUCE-VEGETABLES-FLORIDA/dp/B00AU1MFEI/@c/GET.html]
[www.amazon.com/CABBAGE-FRESH-PRODUCE-VEGETABLES-FLORIDA/dp/B00AU1MFEI/@c/t.html]
[www.amazon.com/CABBAGE-FRESH-PRODUCE-VEGETABLES-FLORIDA/dp/B00AU1MFEI/@c/@p/t.html]
[www.amazon.com/CABBAGE-FRESH-PRODUCE-VEGETABLES-FLORIDA/dp/B00AU1MFEI/@p/@c/@p/index.html]
[www.amazon.com/CABBAGE-FRESH-PRODUCE-VEGETABLES-FLORIDA/dp/B00AU1MFEI/@p/@c/sp.load.html]
[www.amazon.com/CABBAGE-FRESH-PRODUCE-VEGETABLES-FLORIDA/dp/B00AU1MFEI/@p/@c/@c/index.html]
[www.amazon.com/CABBAGE-FRESH-PRODUCE-VEGETABLES-FLORIDA/dp/B00AU1MFEI/@p/@c/sp.load.critical.html]
[www.amazon.com/CABBAGE-FRESH-PRODUCE-VEGETABLES-FLORIDA/dp/B00AU1MFEI/@p/@c/POST.html]
[www.amazon.com/CABBAGE-FRESH-PRODUCE-VEGETABLES-FLORIDA/dp/B00AU1MFEI/@p/@c/GET.html]
